
> order-execution-engine@1.0.0 test
> jest tests/OrderQueue.test.ts

  console.log
    Order queue initialized

      at new OrderQueue (src/queue/OrderQueue.ts:32:17)

  console.error
    Error: Unhandled error. (TypeError: ioredis_1.default is not a constructor
        at RedisConnection.init (C:\Users\Sid\.gemini\antigravity\scratch\order-execution-engine\node_modules\bullmq\src\classes\redis-connection.ts:235:53)
        at new RedisConnection (C:\Users\Sid\.gemini\antigravity\scratch\order-execution-engine\node_modules\bullmq\src\classes\redis-connection.ts:132:30)
        at new QueueBase (C:\Users\Sid\.gemini\antigravity\scratch\order-execution-engine\node_modules\bullmq\src\classes\queue-base.ts:68:23)
        at new Queue (C:\Users\Sid\.gemini\antigravity\scratch\order-execution-engine\node_modules\bullmq\src\classes\queue.ts:164:5)
        at new OrderQueue (C:\Users\Sid\.gemini\antigravity\scratch\order-execution-engine\src\queue\OrderQueue.ts:30:22)
        at Object.<anonymous> (C:\Users\Sid\.gemini\antigravity\scratch\order-execution-engine\tests\OrderQueue.test.ts:19:22)
        at Promise.finally.completed (C:\Users\Sid\.gemini\antigravity\scratch\order-execution-engine\node_modules\jest-circus\build\jestAdapterInit.js:1557:28)
        at new Promise (<anonymous>)
        at callAsyncCircusFn (C:\Users\Sid\.gemini\antigravity\scratch\order-execution-engine\node_modules\jest-circus\build\jestAdapterInit.js:1497:10)
        at _callCircusHook (C:\Users\Sid\.gemini\antigravity\scratch\order-execution-engine\node_modules\jest-circus\build\jestAdapterInit.js:976:40)
        at _runTest (C:\Users\Sid\.gemini\antigravity\scratch\order-execution-engine\node_modules\jest-circus\build\jestAdapterInit.js:941:5)
        at C:\Users\Sid\.gemini\antigravity\scratch\order-execution-engine\node_modules\jest-circus\build\jestAdapterInit.js:849:7
        at _runTestsForDescribeBlock (C:\Users\Sid\.gemini\antigravity\scratch\order-execution-engine\node_modules\jest-circus\build\jestAdapterInit.js:862:11)
        at _runTestsForDescribeBlock (C:\Users\Sid\.gemini\antigravity\scratch\order-execution-engine\node_modules\jest-circus\build\jestAdapterInit.js:857:11)
        at run (C:\Users\Sid\.gemini\antigravity\scratch\order-execution-engine\node_modules\jest-circus\build\jestAdapterInit.js:761:3)
        at runAndTransformResultsToJestFormat (C:\Users\Sid\.gemini\antigravity\scratch\order-execution-engine\node_modules\jest-circus\build\jestAdapterInit.js:1918:21)
        at jestAdapter (C:\Users\Sid\.gemini\antigravity\scratch\order-execution-engine\node_modules\jest-circus\build\runner.js:101:19)
        at runTestInternal (C:\Users\Sid\.gemini\antigravity\scratch\order-execution-engine\node_modules\jest-runner\build\index.js:275:16)
        at runTest (C:\Users\Sid\.gemini\antigravity\scratch\order-execution-engine\node_modules\jest-runner\build\index.js:343:7))
        at Queue.emit (node:events:507:17)
        at Queue.emit (C:\Users\Sid\.gemini\antigravity\scratch\order-execution-engine\node_modules\bullmq\src\classes\queue-base.ts:123:20)
        at Queue.emit (C:\Users\Sid\.gemini\antigravity\scratch\order-execution-engine\node_modules\bullmq\src\classes\queue.ts:192:18)
        at RedisConnection.<anonymous> (C:\Users\Sid\.gemini\antigravity\scratch\order-execution-engine\node_modules\bullmq\src\classes\queue-base.ts:75:56)
        at RedisConnection.emit (node:events:518:28)
        at C:\Users\Sid\.gemini\antigravity\scratch\order-execution-engine\node_modules\bullmq\src\classes\redis-connection.ts:133:41 {
      code: 'ERR_UNHANDLED_ERROR',
      context: TypeError: ioredis_1.default is not a constructor
          at RedisConnection.init (C:\Users\Sid\.gemini\antigravity\scratch\order-execution-engine\node_modules\bullmq\src\classes\redis-connection.ts:235:53)
          at new RedisConnection (C:\Users\Sid\.gemini\antigravity\scratch\order-execution-engine\node_modules\bullmq\src\classes\redis-connection.ts:132:30)
          at new QueueBase (C:\Users\Sid\.gemini\antigravity\scratch\order-execution-engine\node_modules\bullmq\src\classes\queue-base.ts:68:23)
          at new Queue (C:\Users\Sid\.gemini\antigravity\scratch\order-execution-engine\node_modules\bullmq\src\classes\queue.ts:164:5)
          at new OrderQueue (C:\Users\Sid\.gemini\antigravity\scratch\order-execution-engine\src\queue\OrderQueue.ts:30:22)
          at Object.<anonymous> (C:\Users\Sid\.gemini\antigravity\scratch\order-execution-engine\tests\OrderQueue.test.ts:19:22)
          at Promise.finally.completed (C:\Users\Sid\.gemini\antigravity\scratch\order-execution-engine\node_modules\jest-circus\build\jestAdapterInit.js:1557:28)
          at new Promise (<anonymous>)
          at callAsyncCircusFn (C:\Users\Sid\.gemini\antigravity\scratch\order-execution-engine\node_modules\jest-circus\build\jestAdapterInit.js:1497:10)
          at _callCircusHook (C:\Users\Sid\.gemini\antigravity\scratch\order-execution-engine\node_modules\jest-circus\build\jestAdapterInit.js:976:40)
          at _runTest (C:\Users\Sid\.gemini\antigravity\scratch\order-execution-engine\node_modules\jest-circus\build\jestAdapterInit.js:941:5)
          at C:\Users\Sid\.gemini\antigravity\scratch\order-execution-engine\node_modules\jest-circus\build\jestAdapterInit.js:849:7
          at _runTestsForDescribeBlock (C:\Users\Sid\.gemini\antigravity\scratch\order-execution-engine\node_modules\jest-circus\build\jestAdapterInit.js:862:11)
          at _runTestsForDescribeBlock (C:\Users\Sid\.gemini\antigravity\scratch\order-execution-engine\node_modules\jest-circus\build\jestAdapterInit.js:857:11)
          at run (C:\Users\Sid\.gemini\antigravity\scratch\order-execution-engine\node_modules\jest-circus\build\jestAdapterInit.js:761:3)
          at runAndTransformResultsToJestFormat (C:\Users\Sid\.gemini\antigravity\scratch\order-execution-engine\node_modules\jest-circus\build\jestAdapterInit.js:1918:21)
          at jestAdapter (C:\Users\Sid\.gemini\antigravity\scratch\order-execution-engine\node_modules\jest-circus\build\runner.js:101:19)
          at runTestInternal (C:\Users\Sid\.gemini\antigravity\scratch\order-execution-engine\node_modules\jest-runner\build\index.js:275:16)
          at runTest (C:\Users\Sid\.gemini\antigravity\scratch\order-execution-engine\node_modules\jest-runner\build\index.js:343:7)
    }

      at Queue.emit (node_modules/bullmq/src/classes/queue-base.ts:129:17)
      at Queue.emit (node_modules/bullmq/src/classes/queue.ts:192:18)
      at RedisConnection.<anonymous> (node_modules/bullmq/src/classes/queue-base.ts:75:56)
      at node_modules/bullmq/src/classes/redis-connection.ts:133:41

  console.log
    Order queue initialized

      at new OrderQueue (src/queue/OrderQueue.ts:32:17)

  console.error
    Error: Unhandled error. (TypeError: ioredis_1.default is not a constructor
        at RedisConnection.init (C:\Users\Sid\.gemini\antigravity\scratch\order-execution-engine\node_modules\bullmq\src\classes\redis-connection.ts:235:53)
        at new RedisConnection (C:\Users\Sid\.gemini\antigravity\scratch\order-execution-engine\node_modules\bullmq\src\classes\redis-connection.ts:132:30)
        at new QueueBase (C:\Users\Sid\.gemini\antigravity\scratch\order-execution-engine\node_modules\bullmq\src\classes\queue-base.ts:68:23)
        at new Queue (C:\Users\Sid\.gemini\antigravity\scratch\order-execution-engine\node_modules\bullmq\src\classes\queue.ts:164:5)
        at new OrderQueue (C:\Users\Sid\.gemini\antigravity\scratch\order-execution-engine\src\queue\OrderQueue.ts:30:22)
        at Object.<anonymous> (C:\Users\Sid\.gemini\antigravity\scratch\order-execution-engine\tests\OrderQueue.test.ts:19:22)
        at Promise.finally.completed (C:\Users\Sid\.gemini\antigravity\scratch\order-execution-engine\node_modules\jest-circus\build\jestAdapterInit.js:1557:28)
        at new Promise (<anonymous>)
        at callAsyncCircusFn (C:\Users\Sid\.gemini\antigravity\scratch\order-execution-engine\node_modules\jest-circus\build\jestAdapterInit.js:1497:10)
        at _callCircusHook (C:\Users\Sid\.gemini\antigravity\scratch\order-execution-engine\node_modules\jest-circus\build\jestAdapterInit.js:976:40)
        at _runTest (C:\Users\Sid\.gemini\antigravity\scratch\order-execution-engine\node_modules\jest-circus\build\jestAdapterInit.js:941:5)
        at C:\Users\Sid\.gemini\antigravity\scratch\order-execution-engine\node_modules\jest-circus\build\jestAdapterInit.js:849:7
        at _runTestsForDescribeBlock (C:\Users\Sid\.gemini\antigravity\scratch\order-execution-engine\node_modules\jest-circus\build\jestAdapterInit.js:862:11)
        at _runTestsForDescribeBlock (C:\Users\Sid\.gemini\antigravity\scratch\order-execution-engine\node_modules\jest-circus\build\jestAdapterInit.js:857:11)
        at run (C:\Users\Sid\.gemini\antigravity\scratch\order-execution-engine\node_modules\jest-circus\build\jestAdapterInit.js:761:3)
        at runAndTransformResultsToJestFormat (C:\Users\Sid\.gemini\antigravity\scratch\order-execution-engine\node_modules\jest-circus\build\jestAdapterInit.js:1918:21)
        at jestAdapter (C:\Users\Sid\.gemini\antigravity\scratch\order-execution-engine\node_modules\jest-circus\build\runner.js:101:19)
        at runTestInternal (C:\Users\Sid\.gemini\antigravity\scratch\order-execution-engine\node_modules\jest-runner\build\index.js:275:16)
        at runTest (C:\Users\Sid\.gemini\antigravity\scratch\order-execution-engine\node_modules\jest-runner\build\index.js:343:7))
        at Queue.emit (node:events:507:17)
        at Queue.emit (C:\Users\Sid\.gemini\antigravity\scratch\order-execution-engine\node_modules\bullmq\src\classes\queue-base.ts:123:20)
        at Queue.emit (C:\Users\Sid\.gemini\antigravity\scratch\order-execution-engine\node_modules\bullmq\src\classes\queue.ts:192:18)
        at RedisConnection.<anonymous> (C:\Users\Sid\.gemini\antigravity\scratch\order-execution-engine\node_modules\bullmq\src\classes\queue-base.ts:75:56)
        at RedisConnection.emit (node:events:518:28)
        at C:\Users\Sid\.gemini\antigravity\scratch\order-execution-engine\node_modules\bullmq\src\classes\redis-connection.ts:133:41 {
      code: 'ERR_UNHANDLED_ERROR',
      context: TypeError: ioredis_1.default is not a constructor
          at RedisConnection.init (C:\Users\Sid\.gemini\antigravity\scratch\order-execution-engine\node_modules\bullmq\src\classes\redis-connection.ts:235:53)
          at new RedisConnection (C:\Users\Sid\.gemini\antigravity\scratch\order-execution-engine\node_modules\bullmq\src\classes\redis-connection.ts:132:30)
          at new QueueBase (C:\Users\Sid\.gemini\antigravity\scratch\order-execution-engine\node_modules\bullmq\src\classes\queue-base.ts:68:23)
          at new Queue (C:\Users\Sid\.gemini\antigravity\scratch\order-execution-engine\node_modules\bullmq\src\classes\queue.ts:164:5)
          at new OrderQueue (C:\Users\Sid\.gemini\antigravity\scratch\order-execution-engine\src\queue\OrderQueue.ts:30:22)
          at Object.<anonymous> (C:\Users\Sid\.gemini\antigravity\scratch\order-execution-engine\tests\OrderQueue.test.ts:19:22)
          at Promise.finally.completed (C:\Users\Sid\.gemini\antigravity\scratch\order-execution-engine\node_modules\jest-circus\build\jestAdapterInit.js:1557:28)
          at new Promise (<anonymous>)
          at callAsyncCircusFn (C:\Users\Sid\.gemini\antigravity\scratch\order-execution-engine\node_modules\jest-circus\build\jestAdapterInit.js:1497:10)
          at _callCircusHook (C:\Users\Sid\.gemini\antigravity\scratch\order-execution-engine\node_modules\jest-circus\build\jestAdapterInit.js:976:40)
          at _runTest (C:\Users\Sid\.gemini\antigravity\scratch\order-execution-engine\node_modules\jest-circus\build\jestAdapterInit.js:941:5)
          at C:\Users\Sid\.gemini\antigravity\scratch\order-execution-engine\node_modules\jest-circus\build\jestAdapterInit.js:849:7
          at _runTestsForDescribeBlock (C:\Users\Sid\.gemini\antigravity\scratch\order-execution-engine\node_modules\jest-circus\build\jestAdapterInit.js:862:11)
          at _runTestsForDescribeBlock (C:\Users\Sid\.gemini\antigravity\scratch\order-execution-engine\node_modules\jest-circus\build\jestAdapterInit.js:857:11)
          at run (C:\Users\Sid\.gemini\antigravity\scratch\order-execution-engine\node_modules\jest-circus\build\jestAdapterInit.js:761:3)
          at runAndTransformResultsToJestFormat (C:\Users\Sid\.gemini\antigravity\scratch\order-execution-engine\node_modules\jest-circus\build\jestAdapterInit.js:1918:21)
          at jestAdapter (C:\Users\Sid\.gemini\antigravity\scratch\order-execution-engine\node_modules\jest-circus\build\runner.js:101:19)
          at runTestInternal (C:\Users\Sid\.gemini\antigravity\scratch\order-execution-engine\node_modules\jest-runner\build\index.js:275:16)
          at runTest (C:\Users\Sid\.gemini\antigravity\scratch\order-execution-engine\node_modules\jest-runner\build\index.js:343:7)
    }

      at Queue.emit (node_modules/bullmq/src/classes/queue-base.ts:129:17)
      at Queue.emit (node_modules/bullmq/src/classes/queue.ts:192:18)
      at RedisConnection.<anonymous> (node_modules/bullmq/src/classes/queue-base.ts:75:56)
      at node_modules/bullmq/src/classes/redis-connection.ts:133:41

  console.log
    Order queue initialized

      at new OrderQueue (src/queue/OrderQueue.ts:32:17)

  console.error
    Error: Unhandled error. (TypeError: ioredis_1.default is not a constructor
        at RedisConnection.init (C:\Users\Sid\.gemini\antigravity\scratch\order-execution-engine\node_modules\bullmq\src\classes\redis-connection.ts:235:53)
        at new RedisConnection (C:\Users\Sid\.gemini\antigravity\scratch\order-execution-engine\node_modules\bullmq\src\classes\redis-connection.ts:132:30)
        at new QueueBase (C:\Users\Sid\.gemini\antigravity\scratch\order-execution-engine\node_modules\bullmq\src\classes\queue-base.ts:68:23)
        at new Queue (C:\Users\Sid\.gemini\antigravity\scratch\order-execution-engine\node_modules\bullmq\src\classes\queue.ts:164:5)
        at new OrderQueue (C:\Users\Sid\.gemini\antigravity\scratch\order-execution-engine\src\queue\OrderQueue.ts:30:22)
        at Object.<anonymous> (C:\Users\Sid\.gemini\antigravity\scratch\order-execution-engine\tests\OrderQueue.test.ts:19:22)
        at Promise.finally.completed (C:\Users\Sid\.gemini\antigravity\scratch\order-execution-engine\node_modules\jest-circus\build\jestAdapterInit.js:1557:28)
        at new Promise (<anonymous>)
        at callAsyncCircusFn (C:\Users\Sid\.gemini\antigravity\scratch\order-execution-engine\node_modules\jest-circus\build\jestAdapterInit.js:1497:10)
        at _callCircusHook (C:\Users\Sid\.gemini\antigravity\scratch\order-execution-engine\node_modules\jest-circus\build\jestAdapterInit.js:976:40)
        at _runTest (C:\Users\Sid\.gemini\antigravity\scratch\order-execution-engine\node_modules\jest-circus\build\jestAdapterInit.js:941:5)
        at C:\Users\Sid\.gemini\antigravity\scratch\order-execution-engine\node_modules\jest-circus\build\jestAdapterInit.js:849:7
        at _runTestsForDescribeBlock (C:\Users\Sid\.gemini\antigravity\scratch\order-execution-engine\node_modules\jest-circus\build\jestAdapterInit.js:862:11)
        at _runTestsForDescribeBlock (C:\Users\Sid\.gemini\antigravity\scratch\order-execution-engine\node_modules\jest-circus\build\jestAdapterInit.js:857:11)
        at run (C:\Users\Sid\.gemini\antigravity\scratch\order-execution-engine\node_modules\jest-circus\build\jestAdapterInit.js:761:3)
        at runAndTransformResultsToJestFormat (C:\Users\Sid\.gemini\antigravity\scratch\order-execution-engine\node_modules\jest-circus\build\jestAdapterInit.js:1918:21)
        at jestAdapter (C:\Users\Sid\.gemini\antigravity\scratch\order-execution-engine\node_modules\jest-circus\build\runner.js:101:19)
        at runTestInternal (C:\Users\Sid\.gemini\antigravity\scratch\order-execution-engine\node_modules\jest-runner\build\index.js:275:16)
        at runTest (C:\Users\Sid\.gemini\antigravity\scratch\order-execution-engine\node_modules\jest-runner\build\index.js:343:7))
        at Queue.emit (node:events:507:17)
        at Queue.emit (C:\Users\Sid\.gemini\antigravity\scratch\order-execution-engine\node_modules\bullmq\src\classes\queue-base.ts:123:20)
        at Queue.emit (C:\Users\Sid\.gemini\antigravity\scratch\order-execution-engine\node_modules\bullmq\src\classes\queue.ts:192:18)
        at RedisConnection.<anonymous> (C:\Users\Sid\.gemini\antigravity\scratch\order-execution-engine\node_modules\bullmq\src\classes\queue-base.ts:75:56)
        at RedisConnection.emit (node:events:518:28)
        at C:\Users\Sid\.gemini\antigravity\scratch\order-execution-engine\node_modules\bullmq\src\classes\redis-connection.ts:133:41 {
      code: 'ERR_UNHANDLED_ERROR',
      context: TypeError: ioredis_1.default is not a constructor
          at RedisConnection.init (C:\Users\Sid\.gemini\antigravity\scratch\order-execution-engine\node_modules\bullmq\src\classes\redis-connection.ts:235:53)
          at new RedisConnection (C:\Users\Sid\.gemini\antigravity\scratch\order-execution-engine\node_modules\bullmq\src\classes\redis-connection.ts:132:30)
          at new QueueBase (C:\Users\Sid\.gemini\antigravity\scratch\order-execution-engine\node_modules\bullmq\src\classes\queue-base.ts:68:23)
          at new Queue (C:\Users\Sid\.gemini\antigravity\scratch\order-execution-engine\node_modules\bullmq\src\classes\queue.ts:164:5)
          at new OrderQueue (C:\Users\Sid\.gemini\antigravity\scratch\order-execution-engine\src\queue\OrderQueue.ts:30:22)
          at Object.<anonymous> (C:\Users\Sid\.gemini\antigravity\scratch\order-execution-engine\tests\OrderQueue.test.ts:19:22)
          at Promise.finally.completed (C:\Users\Sid\.gemini\antigravity\scratch\order-execution-engine\node_modules\jest-circus\build\jestAdapterInit.js:1557:28)
          at new Promise (<anonymous>)
          at callAsyncCircusFn (C:\Users\Sid\.gemini\antigravity\scratch\order-execution-engine\node_modules\jest-circus\build\jestAdapterInit.js:1497:10)
          at _callCircusHook (C:\Users\Sid\.gemini\antigravity\scratch\order-execution-engine\node_modules\jest-circus\build\jestAdapterInit.js:976:40)
          at _runTest (C:\Users\Sid\.gemini\antigravity\scratch\order-execution-engine\node_modules\jest-circus\build\jestAdapterInit.js:941:5)
          at C:\Users\Sid\.gemini\antigravity\scratch\order-execution-engine\node_modules\jest-circus\build\jestAdapterInit.js:849:7
          at _runTestsForDescribeBlock (C:\Users\Sid\.gemini\antigravity\scratch\order-execution-engine\node_modules\jest-circus\build\jestAdapterInit.js:862:11)
          at _runTestsForDescribeBlock (C:\Users\Sid\.gemini\antigravity\scratch\order-execution-engine\node_modules\jest-circus\build\jestAdapterInit.js:857:11)
          at run (C:\Users\Sid\.gemini\antigravity\scratch\order-execution-engine\node_modules\jest-circus\build\jestAdapterInit.js:761:3)
          at runAndTransformResultsToJestFormat (C:\Users\Sid\.gemini\antigravity\scratch\order-execution-engine\node_modules\jest-circus\build\jestAdapterInit.js:1918:21)
          at jestAdapter (C:\Users\Sid\.gemini\antigravity\scratch\order-execution-engine\node_modules\jest-circus\build\runner.js:101:19)
          at runTestInternal (C:\Users\Sid\.gemini\antigravity\scratch\order-execution-engine\node_modules\jest-runner\build\index.js:275:16)
          at runTest (C:\Users\Sid\.gemini\antigravity\scratch\order-execution-engine\node_modules\jest-runner\build\index.js:343:7)
    }

      at Queue.emit (node_modules/bullmq/src/classes/queue-base.ts:129:17)
      at Queue.emit (node_modules/bullmq/src/classes/queue.ts:192:18)
      at RedisConnection.<anonymous> (node_modules/bullmq/src/classes/queue-base.ts:75:56)
      at node_modules/bullmq/src/classes/redis-connection.ts:133:41

  console.log
    Order queue initialized

      at new OrderQueue (src/queue/OrderQueue.ts:32:17)

  console.error
    Error: Unhandled error. (TypeError: ioredis_1.default is not a constructor
        at RedisConnection.init (C:\Users\Sid\.gemini\antigravity\scratch\order-execution-engine\node_modules\bullmq\src\classes\redis-connection.ts:235:53)
        at new RedisConnection (C:\Users\Sid\.gemini\antigravity\scratch\order-execution-engine\node_modules\bullmq\src\classes\redis-connection.ts:132:30)
        at new QueueBase (C:\Users\Sid\.gemini\antigravity\scratch\order-execution-engine\node_modules\bullmq\src\classes\queue-base.ts:68:23)
        at new Queue (C:\Users\Sid\.gemini\antigravity\scratch\order-execution-engine\node_modules\bullmq\src\classes\queue.ts:164:5)
        at new OrderQueue (C:\Users\Sid\.gemini\antigravity\scratch\order-execution-engine\src\queue\OrderQueue.ts:30:22)
        at Object.<anonymous> (C:\Users\Sid\.gemini\antigravity\scratch\order-execution-engine\tests\OrderQueue.test.ts:19:22)
        at Promise.finally.completed (C:\Users\Sid\.gemini\antigravity\scratch\order-execution-engine\node_modules\jest-circus\build\jestAdapterInit.js:1557:28)
        at new Promise (<anonymous>)
        at callAsyncCircusFn (C:\Users\Sid\.gemini\antigravity\scratch\order-execution-engine\node_modules\jest-circus\build\jestAdapterInit.js:1497:10)
        at _callCircusHook (C:\Users\Sid\.gemini\antigravity\scratch\order-execution-engine\node_modules\jest-circus\build\jestAdapterInit.js:976:40)
        at _runTest (C:\Users\Sid\.gemini\antigravity\scratch\order-execution-engine\node_modules\jest-circus\build\jestAdapterInit.js:941:5)
        at C:\Users\Sid\.gemini\antigravity\scratch\order-execution-engine\node_modules\jest-circus\build\jestAdapterInit.js:849:7
        at _runTestsForDescribeBlock (C:\Users\Sid\.gemini\antigravity\scratch\order-execution-engine\node_modules\jest-circus\build\jestAdapterInit.js:862:11)
        at _runTestsForDescribeBlock (C:\Users\Sid\.gemini\antigravity\scratch\order-execution-engine\node_modules\jest-circus\build\jestAdapterInit.js:857:11)
        at run (C:\Users\Sid\.gemini\antigravity\scratch\order-execution-engine\node_modules\jest-circus\build\jestAdapterInit.js:761:3)
        at runAndTransformResultsToJestFormat (C:\Users\Sid\.gemini\antigravity\scratch\order-execution-engine\node_modules\jest-circus\build\jestAdapterInit.js:1918:21)
        at jestAdapter (C:\Users\Sid\.gemini\antigravity\scratch\order-execution-engine\node_modules\jest-circus\build\runner.js:101:19)
        at runTestInternal (C:\Users\Sid\.gemini\antigravity\scratch\order-execution-engine\node_modules\jest-runner\build\index.js:275:16)
        at runTest (C:\Users\Sid\.gemini\antigravity\scratch\order-execution-engine\node_modules\jest-runner\build\index.js:343:7))
        at Queue.emit (node:events:507:17)
        at Queue.emit (C:\Users\Sid\.gemini\antigravity\scratch\order-execution-engine\node_modules\bullmq\src\classes\queue-base.ts:123:20)
        at Queue.emit (C:\Users\Sid\.gemini\antigravity\scratch\order-execution-engine\node_modules\bullmq\src\classes\queue.ts:192:18)
        at RedisConnection.<anonymous> (C:\Users\Sid\.gemini\antigravity\scratch\order-execution-engine\node_modules\bullmq\src\classes\queue-base.ts:75:56)
        at RedisConnection.emit (node:events:518:28)
        at C:\Users\Sid\.gemini\antigravity\scratch\order-execution-engine\node_modules\bullmq\src\classes\redis-connection.ts:133:41 {
      code: 'ERR_UNHANDLED_ERROR',
      context: TypeError: ioredis_1.default is not a constructor
          at RedisConnection.init (C:\Users\Sid\.gemini\antigravity\scratch\order-execution-engine\node_modules\bullmq\src\classes\redis-connection.ts:235:53)
          at new RedisConnection (C:\Users\Sid\.gemini\antigravity\scratch\order-execution-engine\node_modules\bullmq\src\classes\redis-connection.ts:132:30)
          at new QueueBase (C:\Users\Sid\.gemini\antigravity\scratch\order-execution-engine\node_modules\bullmq\src\classes\queue-base.ts:68:23)
          at new Queue (C:\Users\Sid\.gemini\antigravity\scratch\order-execution-engine\node_modules\bullmq\src\classes\queue.ts:164:5)
          at new OrderQueue (C:\Users\Sid\.gemini\antigravity\scratch\order-execution-engine\src\queue\OrderQueue.ts:30:22)
          at Object.<anonymous> (C:\Users\Sid\.gemini\antigravity\scratch\order-execution-engine\tests\OrderQueue.test.ts:19:22)
          at Promise.finally.completed (C:\Users\Sid\.gemini\antigravity\scratch\order-execution-engine\node_modules\jest-circus\build\jestAdapterInit.js:1557:28)
          at new Promise (<anonymous>)
          at callAsyncCircusFn (C:\Users\Sid\.gemini\antigravity\scratch\order-execution-engine\node_modules\jest-circus\build\jestAdapterInit.js:1497:10)
          at _callCircusHook (C:\Users\Sid\.gemini\antigravity\scratch\order-execution-engine\node_modules\jest-circus\build\jestAdapterInit.js:976:40)
          at _runTest (C:\Users\Sid\.gemini\antigravity\scratch\order-execution-engine\node_modules\jest-circus\build\jestAdapterInit.js:941:5)
          at C:\Users\Sid\.gemini\antigravity\scratch\order-execution-engine\node_modules\jest-circus\build\jestAdapterInit.js:849:7
          at _runTestsForDescribeBlock (C:\Users\Sid\.gemini\antigravity\scratch\order-execution-engine\node_modules\jest-circus\build\jestAdapterInit.js:862:11)
          at _runTestsForDescribeBlock (C:\Users\Sid\.gemini\antigravity\scratch\order-execution-engine\node_modules\jest-circus\build\jestAdapterInit.js:857:11)
          at run (C:\Users\Sid\.gemini\antigravity\scratch\order-execution-engine\node_modules\jest-circus\build\jestAdapterInit.js:761:3)
          at runAndTransformResultsToJestFormat (C:\Users\Sid\.gemini\antigravity\scratch\order-execution-engine\node_modules\jest-circus\build\jestAdapterInit.js:1918:21)
          at jestAdapter (C:\Users\Sid\.gemini\antigravity\scratch\order-execution-engine\node_modules\jest-circus\build\runner.js:101:19)
          at runTestInternal (C:\Users\Sid\.gemini\antigravity\scratch\order-execution-engine\node_modules\jest-runner\build\index.js:275:16)
          at runTest (C:\Users\Sid\.gemini\antigravity\scratch\order-execution-engine\node_modules\jest-runner\build\index.js:343:7)
    }

      at Queue.emit (node_modules/bullmq/src/classes/queue-base.ts:129:17)
      at Queue.emit (node_modules/bullmq/src/classes/queue.ts:192:18)
      at RedisConnection.<anonymous> (node_modules/bullmq/src/classes/queue-base.ts:75:56)
      at node_modules/bullmq/src/classes/redis-connection.ts:133:41

npm : FAIL tests/Orde
rQueue.test.ts
At line:1 char:1
+ npm test tests/Orde
rQueue.test.ts > 
test_output.txt 2>&1
+ ~~~~~~~~~~~~~~~~~~~
~~~~~~~~~~~~~~~~~~~~~
~~~~~~~~~~~~~~~~
    + CategoryInfo   
           : NotSpe  
  cified: (FAIL te   
 sts/OrderQueue.t    
est.ts:String) [    
], RemoteExcepti    
on
    + FullyQualified 
   ErrorId : Native  
  CommandError
 
  OrderQueue
    ├ù should add 
order to queue 
successfully (79 ms)
    ├ù should get 
queue metrics (5 ms)
    ├ù should handle 
multiple concurrent 
orders (5 ms)
    ├ù should use 
orderId as job ID 
for idempotency (12 
ms)

  ΓùÅ OrderQueue ΓÇ║ 
should add order to 
queue successfully

    expect(received).
resolves.not.toThrow(
)

    Received promise 
rejected instead of 
resolved
    Rejected to 
value: [TypeError: 
ioredis_1.default is 
not a constructor]

    [0m [90m 35 
|[39m         
}[33m;[39m
     [90m 36 |[39m
    [31m[1m>[22m[
39m[90m 37 |[39m   
      
[36mawait[39m expec
t(orderQueue[33m.[3
9maddOrder(orderId[3
3m,[39m orderData))
[33m.[39mresolves[3
3m.[39mnot[33m.[39
mtoThrow()[33m;[39m
     [90m    |[39m 
              
[31m[1m^[22m[39m
     [90m 38 |[39m 
    })[33m;[39m
     [90m 39 |[39m
     [90m 40 |[39m 
    
test([32m'should 
get queue metrics'[3
9m[33m,[39m 
[36masync[39m () 
[33m=>[39m {[0m

      at expect (node
_modules/expect/build
/index.js:2116:15)
      at 
Object.<anonymous> (t
ests/OrderQueue.test.
ts:37:15)

  ΓùÅ OrderQueue ΓÇ║ 
should add order to 
queue successfully

    TypeError: 
Cannot read 
properties of 
undefined (reading 
'off')

    [0m [90m 75 
|[39m [90m     
*/[39m
     [90m 76 |[39m 
    [36masync[39m 
close()[33m:[39m [
33mPromise[39m[33m<
[39m[36mvoid[39m[
33m>[39m {
    [31m[1m>[22m[
39m[90m 77 |[39m   
      
[36mawait[39m [36m
this[39m[33m.[39mq
ueue[33m.[39mclose(
)[33m;[39m
     [90m    |[39m 
                     
    
[31m[1m^[22m[39m
     [90m 78 |[39m 
    }
     [90m 79 |[39m
     [90m 80 |[39m 
    [90m/**[39m[0m

      at RedisConnect
ion.close (node_modul
es/bullmq/src/classes
/redis-connection.ts:
350:22)
      at Queue.close 
(node_modules/bullmq/
src/classes/queue-bas
e.ts:154:38)
      at node_modules
/bullmq/src/classes/q
ueue.ts:523:19
      at trace (node_
modules/bullmq/src/ut
ils/index.ts:345:12)
      at Queue.trace 
(node_modules/bullmq/
src/classes/queue-bas
e.ts:204:17)
      at Queue.close 
(node_modules/bullmq/
src/classes/queue.ts:
516:16)
      at 
OrderQueue.close (src
/queue/OrderQueue.ts:
77:26)
      at 
Object.<anonymous> (t
ests/OrderQueue.test.
ts:23:26)

  ΓùÅ OrderQueue ΓÇ║ 
should get queue 
metrics

    TypeError: 
ioredis_1.default is 
not a constructor

    [0m [90m 28 
|[39m         
}[33m;[39m
     [90m 29 |[39m
    [31m[1m>[22m[
39m[90m 30 |[39m   
      [36mthis[39m
[33m.[39mqueue 
[33m=[39m 
[36mnew[39m [33mQu
eue[39m([32m'order-
execution'[39m[33m,
[39m queueOptions)[
33m;[39m
     [90m    |[39m 
                     
[31m[1m^[22m[39m
     [90m 31 |[39m
     [90m 32 |[39m 
        console[33m.
[39mlog([32m'Order 
queue initialized'[3
9m)[33m;[39m
     [90m 33 |[39m 
    }[0m

      at 
RedisConnection.init 
(node_modules/bullmq/
src/classes/redis-con
nection.ts:235:53)
      at new 
RedisConnection (node
_modules/bullmq/src/c
lasses/redis-connecti
on.ts:132:30)
      at new 
QueueBase (node_modul
es/bullmq/src/classes
/queue-base.ts:68:23)
      at new Queue (n
ode_modules/bullmq/sr
c/classes/queue.ts:16
4:5)
      at new 
OrderQueue (src/queue
/OrderQueue.ts:30:22)
      at 
Object.<anonymous> (t
ests/OrderQueue.test.
ts:19:22)

  ΓùÅ OrderQueue ΓÇ║ 
should get queue 
metrics

    TypeError: 
Cannot read 
properties of 
undefined (reading 
'off')

    [0m [90m 75 
|[39m [90m     
*/[39m
     [90m 76 |[39m 
    [36masync[39m 
close()[33m:[39m [
33mPromise[39m[33m<
[39m[36mvoid[39m[
33m>[39m {
    [31m[1m>[22m[
39m[90m 77 |[39m   
      
[36mawait[39m [36m
this[39m[33m.[39mq
ueue[33m.[39mclose(
)[33m;[39m
     [90m    |[39m 
                     
    
[31m[1m^[22m[39m
     [90m 78 |[39m 
    }
     [90m 79 |[39m
     [90m 80 |[39m 
    [90m/**[39m[0m

      at RedisConnect
ion.close (node_modul
es/bullmq/src/classes
/redis-connection.ts:
350:22)
      at Queue.close 
(node_modules/bullmq/
src/classes/queue-bas
e.ts:154:38)
      at node_modules
/bullmq/src/classes/q
ueue.ts:523:19
      at trace (node_
modules/bullmq/src/ut
ils/index.ts:345:12)
      at Queue.trace 
(node_modules/bullmq/
src/classes/queue-bas
e.ts:204:17)
      at Queue.close 
(node_modules/bullmq/
src/classes/queue.ts:
516:16)
      at 
OrderQueue.close (src
/queue/OrderQueue.ts:
77:26)
      at 
Object.<anonymous> (t
ests/OrderQueue.test.
ts:23:26)

  ΓùÅ OrderQueue ΓÇ║ 
should handle 
multiple concurrent 
orders

    expect(received).
resolves.toBeDefined(
)

    Received promise 
rejected instead of 
resolved
    Rejected to 
value: [TypeError: 
ioredis_1.default is 
not a constructor]

    [0m [90m 64 
|[39m         
[36mconst[39m 
promises [33m=[39m 
orders[33m.[39mmap(
order [33m=>[39m or
derQueue[33m.[39mad
dOrder(order[33m.[3
9morderId[33m,[39m 
order[33m.[39mdata)
)[33m;[39m
     [90m 65 |[39m
    [31m[1m>[22m[
39m[90m 66 |[39m   
      
[36mawait[39m expec
t([33mPromise[39m[
33m.[39mall(promises
))[33m.[39mresolves
[33m.[39mtoBeDefine
d()[33m;[39m
     [90m    |[39m 
              
[31m[1m^[22m[39m
     [90m 67 |[39m 
    })[33m;[39m
     [90m 68 |[39m
     [90m 69 |[39m 
    
test([32m'should 
use orderId as job 
ID for idempotency'[
39m[33m,[39m 
[36masync[39m () 
[33m=>[39m {[0m

      at expect (node
_modules/expect/build
/index.js:2116:15)
      at 
Object.<anonymous> (t
ests/OrderQueue.test.
ts:66:15)

  ΓùÅ OrderQueue ΓÇ║ 
should handle 
multiple concurrent 
orders

    TypeError: 
Cannot read 
properties of 
undefined (reading 
'off')

    [0m [90m 75 
|[39m [90m     
*/[39m
     [90m 76 |[39m 
    [36masync[39m 
close()[33m:[39m [
33mPromise[39m[33m<
[39m[36mvoid[39m[
33m>[39m {
    [31m[1m>[22m[
39m[90m 77 |[39m   
      
[36mawait[39m [36m
this[39m[33m.[39mq
ueue[33m.[39mclose(
)[33m;[39m
     [90m    |[39m 
                     
    
[31m[1m^[22m[39m
     [90m 78 |[39m 
    }
     [90m 79 |[39m
     [90m 80 |[39m 
    [90m/**[39m[0m

      at RedisConnect
ion.close (node_modul
es/bullmq/src/classes
/redis-connection.ts:
350:22)
      at Queue.close 
(node_modules/bullmq/
src/classes/queue-bas
e.ts:154:38)
      at node_modules
/bullmq/src/classes/q
ueue.ts:523:19
      at trace (node_
modules/bullmq/src/ut
ils/index.ts:345:12)
      at Queue.trace 
(node_modules/bullmq/
src/classes/queue-bas
e.ts:204:17)
      at Queue.close 
(node_modules/bullmq/
src/classes/queue.ts:
516:16)
      at 
OrderQueue.close (src
/queue/OrderQueue.ts:
77:26)
      at 
Object.<anonymous> (t
ests/OrderQueue.test.
ts:23:26)

  ΓùÅ OrderQueue ΓÇ║ 
should use orderId 
as job ID for 
idempotency

    TypeError: 
ioredis_1.default is 
not a constructor

    [0m [90m 28 
|[39m         
}[33m;[39m
     [90m 29 |[39m
    [31m[1m>[22m[
39m[90m 30 |[39m   
      [36mthis[39m
[33m.[39mqueue 
[33m=[39m 
[36mnew[39m [33mQu
eue[39m([32m'order-
execution'[39m[33m,
[39m queueOptions)[
33m;[39m
     [90m    |[39m 
                     
[31m[1m^[22m[39m
     [90m 31 |[39m
     [90m 32 |[39m 
        console[33m.
[39mlog([32m'Order 
queue initialized'[3
9m)[33m;[39m
     [90m 33 |[39m 
    }[0m

      at 
RedisConnection.init 
(node_modules/bullmq/
src/classes/redis-con
nection.ts:235:53)
      at new 
RedisConnection (node
_modules/bullmq/src/c
lasses/redis-connecti
on.ts:132:30)
      at new 
QueueBase (node_modul
es/bullmq/src/classes
/queue-base.ts:68:23)
      at new Queue (n
ode_modules/bullmq/sr
c/classes/queue.ts:16
4:5)
      at new 
OrderQueue (src/queue
/OrderQueue.ts:30:22)
      at 
Object.<anonymous> (t
ests/OrderQueue.test.
ts:19:22)

  ΓùÅ OrderQueue ΓÇ║ 
should use orderId 
as job ID for 
idempotency

    TypeError: 
Cannot read 
properties of 
undefined (reading 
'off')

    [0m [90m 75 
|[39m [90m     
*/[39m
     [90m 76 |[39m 
    [36masync[39m 
close()[33m:[39m [
33mPromise[39m[33m<
[39m[36mvoid[39m[
33m>[39m {
    [31m[1m>[22m[
39m[90m 77 |[39m   
      
[36mawait[39m [36m
this[39m[33m.[39mq
ueue[33m.[39mclose(
)[33m;[39m
     [90m    |[39m 
                     
    
[31m[1m^[22m[39m
     [90m 78 |[39m 
    }
     [90m 79 |[39m
     [90m 80 |[39m 
    [90m/**[39m[0m

      at RedisConnect
ion.close (node_modul
es/bullmq/src/classes
/redis-connection.ts:
350:22)
      at Queue.close 
(node_modules/bullmq/
src/classes/queue-bas
e.ts:154:38)
      at node_modules
/bullmq/src/classes/q
ueue.ts:523:19
      at trace (node_
modules/bullmq/src/ut
ils/index.ts:345:12)
      at Queue.trace 
(node_modules/bullmq/
src/classes/queue-bas
e.ts:204:17)
      at Queue.close 
(node_modules/bullmq/
src/classes/queue.ts:
516:16)
      at 
OrderQueue.close (src
/queue/OrderQueue.ts:
77:26)
      at 
Object.<anonymous> (t
ests/OrderQueue.test.
ts:23:26)

Test Suites: 1 
failed, 1 total
Tests:       4 
failed, 4 total
Snapshots:   0 total
Time:        2.878 
s, estimated 4 s
Ran all test suites 
matching tests/OrderQ
ueue.test.ts.
